[2026-08-03T16:07:06+00:00] launched cri-01 as agent 662db273-79e1-4f52-a64f-d1301eba5ca7 (CRI-MATCH-cri-01: CriWare/src/sofdec/sfdcore/sfd/sfd_mpv (30 fns))
[2026-08-03T16:07:10+00:00] launched cri-02 as agent 0bceaead-c342-43f2-9b47-5ea9e8006e08 (CRI-MATCH-cri-02: mixed (37 fns))
[2026-08-03T16:07:13+00:00] launched cri-03 as agent afc313e0-2076-46a8-a533-a751a259f6a8 (CRI-MATCH-cri-03: mixed (34 fns))
[2026-08-03T16:07:13+00:00] running=3 done=0/17 pending=14 remaining=17 — next sweep in 180s
[2026-08-03T16:07:43+00:00] launched cri-04 as agent 9b8de6c6-0abe-4536-b112-b36077352d96 (CRI-MATCH-cri-04: mixed (35 fns))
[2026-08-03T16:07:46+00:00] launched cri-05 as agent 681eb203-f66c-4b6d-a0a0-8a8afa353209 (CRI-MATCH-cri-05: mixed (30 fns))
[2026-08-03T16:07:50+00:00] launched cri-06 as agent 928b8519-f085-4844-a505-84272feb4364 (CRI-MATCH-cri-06: mixed (31 fns))
[2026-08-03T16:07:53+00:00] launched cri-07 as agent 9ee6eece-0bc1-459e-ba88-0a2fff52560f (CRI-MATCH-cri-07: mixed (30 fns))
[2026-08-03T16:07:57+00:00] launched cri-08 as agent 76286490-1500-49e9-b041-e83a30bc98b8 (CRI-MATCH-cri-08: mixed (31 fns))
[2026-08-03T16:08:01+00:00] launched cri-09 as agent fdd24562-b7a1-49f4-a021-99e228a10b93 (CRI-MATCH-cri-09: mixed (38 fns))
[2026-08-03T16:08:05+00:00] launched cri-10 as agent 15326cb9-8ee9-43a4-9c19-674c57fd9778 (CRI-MATCH-cri-10: mixed (32 fns))
[2026-08-03T16:08:05+00:00] running=10 done=0/17 pending=7 remaining=17 — next sweep in 180s
[2026-08-03T16:11:13+00:00] running=10 done=0/17 pending=7 remaining=17 — next sweep in 180s
[2026-08-03T16:14:23+00:00] running=10 done=0/17 pending=7 remaining=17 — next sweep in 180s
[2026-08-03T16:17:31+00:00] running=10 done=0/17 pending=7 remaining=17 — next sweep in 180s
[2026-08-03T16:20:39+00:00] running=10 done=0/17 pending=7 remaining=17 — next sweep in 180s
[2026-08-03T16:23:47+00:00] running=10 done=0/17 pending=7 remaining=17 — next sweep in 180s
[2026-08-03T16:26:55+00:00] running=10 done=0/17 pending=7 remaining=17 — next sweep in 180s
[2026-08-03T16:30:04+00:00] running=10 done=0/17 pending=7 remaining=17 — next sweep in 180s
[2026-08-03T16:33:12+00:00] running=10 done=0/17 pending=7 remaining=17 — next sweep in 180s
[2026-08-03T16:36:20+00:00] running=10 done=0/17 pending=7 remaining=17 — next sweep in 180s
[2026-08-03T16:39:21+00:00] FINISHED: cri-01 agent 662db273-79e1-4f52-a64f-d1301eba5ca7 -> error
[2026-08-03T16:39:26+00:00] FINISHED: cri-07 agent 9ee6eece-0bc1-459e-ba88-0a2fff52560f -> error
[2026-08-03T16:39:28+00:00] FINISHED: cri-09 agent fdd24562-b7a1-49f4-a021-99e228a10b93 -> error
[2026-08-03T16:39:33+00:00] launched cri-01 as agent 3ec64ece-ffaa-4283-9d35-b2470f57b5d4 (CRI-MATCH-cri-01: CriWare/src/sofdec/sfdcore/sfd/sfd_mpv (30 fns))
[2026-08-03T16:39:37+00:00] launched cri-07 as agent d9dfa450-2525-46c3-9256-15471465c426 (CRI-MATCH-cri-07: mixed (30 fns))
[2026-08-03T16:39:40+00:00] launched cri-09 as agent 4851ba45-515a-41df-beee-42c8f38974d2 (CRI-MATCH-cri-09: mixed (38 fns))
[2026-08-03T16:39:40+00:00] running=10 done=0/17 pending=7 remaining=17 — next sweep in 180s
[2026-08-03T16:42:42+00:00] FINISHED: cri-01 agent 3ec64ece-ffaa-4283-9d35-b2470f57b5d4 -> error
[2026-08-03T16:42:43+00:00] FINISHED: cri-03 agent afc313e0-2076-46a8-a533-a751a259f6a8 -> error
[2026-08-03T16:42:45+00:00] FINISHED: cri-04 agent 9b8de6c6-0abe-4536-b112-b36077352d96 -> error
[2026-08-03T16:42:47+00:00] FINISHED: cri-07 agent d9dfa450-2525-46c3-9256-15471465c426 -> error
[2026-08-03T16:42:49+00:00] FINISHED: cri-09 agent 4851ba45-515a-41df-beee-42c8f38974d2 -> error
[2026-08-03T16:42:55+00:00] launched cri-01 as agent b2a6cff1-9d3e-4ebb-8387-0f472cb8250f (CRI-MATCH-cri-01: CriWare/src/sofdec/sfdcore/sfd/sfd_mpv (30 fns))
[2026-08-03T16:42:58+00:00] launched cri-03 as agent f4370de8-c645-4e36-aab5-7727198434e8 (CRI-MATCH-cri-03: mixed (34 fns))
[2026-08-03T16:43:02+00:00] launched cri-04 as agent 225a942a-aba6-4a1d-87a1-b06207908c40 (CRI-MATCH-cri-04: mixed (35 fns))
[2026-08-03T16:43:05+00:00] launched cri-07 as agent cbdebaf5-8266-4d81-8cee-a17a3721377e (CRI-MATCH-cri-07: mixed (30 fns))
[2026-08-03T16:43:08+00:00] launched cri-09 as agent 0c175e94-8775-452a-947b-fbd7af8bdf71 (CRI-MATCH-cri-09: mixed (38 fns))
[2026-08-03T16:43:08+00:00] running=10 done=0/17 pending=7 remaining=17 — next sweep in 180s
[2026-08-03T16:46:10+00:00] FINISHED: cri-01 agent b2a6cff1-9d3e-4ebb-8387-0f472cb8250f -> error
[2026-08-03T16:46:10+00:00] cri-01: exceeded relaunch budget, marking done
[2026-08-03T16:46:12+00:00] FINISHED: cri-03 agent f4370de8-c645-4e36-aab5-7727198434e8 -> error
[2026-08-03T16:46:13+00:00] FINISHED: cri-04 agent 225a942a-aba6-4a1d-87a1-b06207908c40 -> error
[2026-08-03T16:46:16+00:00] FINISHED: cri-07 agent cbdebaf5-8266-4d81-8cee-a17a3721377e -> error
[2026-08-03T16:46:17+00:00] cri-07: exceeded relaunch budget, marking done
[2026-08-03T16:46:17+00:00] FINISHED: cri-08 agent 76286490-1500-49e9-b041-e83a30bc98b8 -> error
[2026-08-03T16:46:19+00:00] FINISHED: cri-09 agent 0c175e94-8775-452a-947b-fbd7af8bdf71 -> error
[2026-08-03T16:46:19+00:00] cri-09: exceeded relaunch budget, marking done
[2026-08-03T16:46:20+00:00] FINISHED: cri-10 agent 15326cb9-8ee9-43a4-9c19-674c57fd9778 -> error
[2026-08-03T16:46:25+00:00] launched cri-03 as agent 88458ef6-b885-464b-b156-35fb17384bc1 (CRI-MATCH-cri-03: mixed (34 fns))
[2026-08-03T16:46:28+00:00] launched cri-04 as agent 63ebfc4b-3de7-47d7-90e0-71345a92b8d9 (CRI-MATCH-cri-04: mixed (35 fns))
[2026-08-03T16:46:32+00:00] launched cri-08 as agent a2aaae10-bd45-4966-ac63-e77749487522 (CRI-MATCH-cri-08: mixed (31 fns))
[2026-08-03T16:46:36+00:00] launched cri-10 as agent c5eb88fb-837e-4b8b-9328-8ae29776ebc9 (CRI-MATCH-cri-10: mixed (32 fns))
[2026-08-03T16:46:39+00:00] launched cri-11 as agent 76e79b1e-c30e-4a17-ad12-33df655b8749 (CRI-MATCH-cri-11: mixed (38 fns))
[2026-08-03T16:46:43+00:00] launched cri-12 as agent fdfd18e6-2b74-4f96-8491-9a664235c409 (CRI-MATCH-cri-12: mixed (33 fns))
[2026-08-03T16:46:46+00:00] launched cri-13 as agent f785425b-6386-4f32-bc71-1f7ecb068668 (CRI-MATCH-cri-13: mixed (32 fns))
[2026-08-03T16:46:46+00:00] running=10 done=3/17 pending=4 remaining=17 — next sweep in 180s
[2026-08-03T16:49:48+00:00] FINISHED: cri-01 agent b2a6cff1-9d3e-4ebb-8387-0f472cb8250f -> error
[2026-08-03T16:49:54+00:00] cri-01: exceeded relaunch budget, marking done
[2026-08-03T16:49:56+00:00] CRASHED: cri-01 agent b2a6cff1-9d3e-4ebb-8387-0f472cb8250f no longer listed — relaunching
[2026-08-03T16:49:57+00:00] FINISHED: cri-03 agent 88458ef6-b885-464b-b156-35fb17384bc1 -> error
[2026-08-03T16:49:58+00:00] cri-03: exceeded relaunch budget, marking done
[2026-08-03T16:50:00+00:00] FINISHED: cri-04 agent 63ebfc4b-3de7-47d7-90e0-71345a92b8d9 -> error
[2026-08-03T16:50:01+00:00] cri-04: exceeded relaunch budget, marking done
[2026-08-03T16:50:13+00:00] cri-01: launch budget exceeded (3), marking done
[2026-08-03T16:50:13+00:00] running=12 done=5/17 pending=4 remaining=16 — next sweep in 180s
[2026-08-03T16:50:20+00:00] launched cri-14 as agent 17ce510d-ddb5-489a-a195-4e7fbc59d229 (CRI-MATCH-cri-14: mixed (31 fns))
[2026-08-03T16:50:26+00:00] launched cri-15 as agent ea2d926f-a65b-44d1-a14e-8695d4cecb13 (CRI-MATCH-cri-15: mixed (31 fns))
[2026-08-03T16:50:26+00:00] running=10 done=6/17 pending=2 remaining=17 — next sweep in 180s
[2026-08-03T16:52:40+00:00] running=15 done=0/17 pending=2 remaining=17 — next sweep in 180s
[2026-08-03T16:55:55+00:00] running=15 done=0/17 pending=2 remaining=17 — next sweep in 180s
[2026-08-03T16:59:12+00:00] running=15 done=0/17 pending=2 remaining=17 — next sweep in 180s
[2026-08-03T17:02:27+00:00] running=15 done=0/17 pending=2 remaining=17 — next sweep in 180s
[2026-08-03T17:05:42+00:00] running=15 done=0/17 pending=2 remaining=17 — next sweep in 180s
[2026-08-03T17:09:16+00:00] running=15 done=0/17 pending=2 remaining=17 — next sweep in 180s
[2026-08-03T17:12:33+00:00] running=15 done=0/17 pending=2 remaining=17 — next sweep in 180s
[2026-08-03T17:15:50+00:00] running=15 done=0/17 pending=2 remaining=17 — next sweep in 180s
[2026-08-03T17:18:55+00:00] FINISHED: cri-04 agent 9b8de6c6-0abe-4536-b112-b36077352d96 -> done
[2026-08-03T17:19:07+00:00] running=14 done=1/17 pending=2 remaining=16 — next sweep in 180s
[2026-08-03T17:21:40+00:00] FINISHED: cri-02 agent 0bceaead-c342-43f2-9b47-5ea9e8006e08 -> done
[2026-08-03T17:21:43+00:00] FINISHED: cri-04 agent 9b8de6c6-0abe-4536-b112-b36077352d96 -> done
[2026-08-03T17:21:55+00:00] running=13 done=3/17 pending=2 remaining=15 — next sweep in 180s
[2026-08-03T17:24:58+00:00] FINISHED: cri-02 agent 0bceaead-c342-43f2-9b47-5ea9e8006e08 -> done
[2026-08-03T17:25:01+00:00] FINISHED: cri-04 agent 9b8de6c6-0abe-4536-b112-b36077352d96 -> done
[2026-08-03T17:25:12+00:00] running=13 done=5/17 pending=2 remaining=15 — next sweep in 180s
[2026-08-03T17:28:15+00:00] FINISHED: cri-02 agent 0bceaead-c342-43f2-9b47-5ea9e8006e08 -> done
[2026-08-03T17:28:18+00:00] FINISHED: cri-04 agent 9b8de6c6-0abe-4536-b112-b36077352d96 -> done
[2026-08-03T17:28:21+00:00] FINISHED: cri-06 agent 928b8519-f085-4844-a505-84272feb4364 -> done
[2026-08-03T17:28:25+00:00] FINISHED: cri-10 agent 15326cb9-8ee9-43a4-9c19-674c57fd9778 -> done
[2026-08-03T17:28:31+00:00] running=11 done=9/17 pending=2 remaining=13 — next sweep in 180s
[2026-08-03T17:31:33+00:00] FINISHED: cri-01 agent 662db273-79e1-4f52-a64f-d1301eba5ca7 -> done
[2026-08-03T17:31:35+00:00] FINISHED: cri-02 agent 0bceaead-c342-43f2-9b47-5ea9e8006e08 -> done
[2026-08-03T17:31:38+00:00] FINISHED: cri-04 agent 9b8de6c6-0abe-4536-b112-b36077352d96 -> done
[2026-08-03T17:31:40+00:00] FINISHED: cri-06 agent 928b8519-f085-4844-a505-84272feb4364 -> done
[2026-08-03T17:31:43+00:00] FINISHED: cri-08 agent 76286490-1500-49e9-b041-e83a30bc98b8 -> done
[2026-08-03T17:31:46+00:00] FINISHED: cri-10 agent 15326cb9-8ee9-43a4-9c19-674c57fd9778 -> done
[2026-08-03T17:31:57+00:00] launched cri-16 as agent 3fae4b0c-47b0-485f-8548-04a31f99a0e5 (CRI-MATCH-cri-16: mixed (30 fns))
[2026-08-03T17:31:57+00:00] running=10 done=15/17 pending=1 remaining=11 — next sweep in 180s
[2026-08-03T17:34:59+00:00] FINISHED: cri-01 agent 662db273-79e1-4f52-a64f-d1301eba5ca7 -> done
[2026-08-03T17:35:01+00:00] FINISHED: cri-02 agent 0bceaead-c342-43f2-9b47-5ea9e8006e08 -> done
[2026-08-03T17:35:04+00:00] FINISHED: cri-04 agent 9b8de6c6-0abe-4536-b112-b36077352d96 -> done
[2026-08-03T17:35:07+00:00] FINISHED: cri-06 agent 928b8519-f085-4844-a505-84272feb4364 -> done
[2026-08-03T17:35:09+00:00] FINISHED: cri-08 agent 76286490-1500-49e9-b041-e83a30bc98b8 -> done
[2026-08-03T17:35:12+00:00] FINISHED: cri-10 agent 15326cb9-8ee9-43a4-9c19-674c57fd9778 -> done
[2026-08-03T17:35:18+00:00] running=10 done=21/17 pending=1 remaining=11 — next sweep in 180s
[2026-08-03T17:38:20+00:00] FINISHED: cri-01 agent 662db273-79e1-4f52-a64f-d1301eba5ca7 -> done
[2026-08-03T17:38:22+00:00] FINISHED: cri-02 agent 0bceaead-c342-43f2-9b47-5ea9e8006e08 -> done
[2026-08-03T17:38:25+00:00] FINISHED: cri-04 agent 9b8de6c6-0abe-4536-b112-b36077352d96 -> done
[2026-08-03T17:38:27+00:00] FINISHED: cri-06 agent 928b8519-f085-4844-a505-84272feb4364 -> done
[2026-08-03T17:38:30+00:00] FINISHED: cri-08 agent 76286490-1500-49e9-b041-e83a30bc98b8 -> done
[2026-08-03T17:38:33+00:00] FINISHED: cri-10 agent 15326cb9-8ee9-43a4-9c19-674c57fd9778 -> done
[2026-08-03T17:38:40+00:00] running=10 done=27/17 pending=1 remaining=11 — next sweep in 180s
[2026-08-03T17:41:42+00:00] FINISHED: cri-01 agent 662db273-79e1-4f52-a64f-d1301eba5ca7 -> done
[2026-08-03T17:41:44+00:00] FINISHED: cri-02 agent 0bceaead-c342-43f2-9b47-5ea9e8006e08 -> done
[2026-08-03T17:41:47+00:00] FINISHED: cri-04 agent 9b8de6c6-0abe-4536-b112-b36077352d96 -> done
[2026-08-03T17:41:49+00:00] FINISHED: cri-06 agent 928b8519-f085-4844-a505-84272feb4364 -> done
[2026-08-03T17:41:52+00:00] FINISHED: cri-08 agent 76286490-1500-49e9-b041-e83a30bc98b8 -> done
[2026-08-03T17:41:55+00:00] FINISHED: cri-10 agent 15326cb9-8ee9-43a4-9c19-674c57fd9778 -> done
[2026-08-03T17:42:02+00:00] running=10 done=33/17 pending=1 remaining=11 — next sweep in 180s
[2026-08-03T17:45:04+00:00] FINISHED: cri-01 agent 662db273-79e1-4f52-a64f-d1301eba5ca7 -> done
[2026-08-03T17:45:06+00:00] FINISHED: cri-02 agent 0bceaead-c342-43f2-9b47-5ea9e8006e08 -> done
[2026-08-03T17:45:09+00:00] FINISHED: cri-04 agent 9b8de6c6-0abe-4536-b112-b36077352d96 -> done
[2026-08-03T17:45:11+00:00] FINISHED: cri-05 agent 681eb203-f66c-4b6d-a0a0-8a8afa353209 -> done
[2026-08-03T17:45:13+00:00] FINISHED: cri-06 agent 928b8519-f085-4844-a505-84272feb4364 -> done
[2026-08-03T17:45:15+00:00] FINISHED: cri-08 agent 76286490-1500-49e9-b041-e83a30bc98b8 -> done
[2026-08-03T17:45:18+00:00] FINISHED: cri-10 agent 15326cb9-8ee9-43a4-9c19-674c57fd9778 -> done
[2026-08-03T17:45:22+00:00] FINISHED: cri-13 agent f785425b-6386-4f32-bc71-1f7ecb068668 -> done
[2026-08-03T17:45:31+00:00] launched cri-17 as agent 6e548950-a425-42ab-b185-63a866014184 (CRI-MATCH-cri-17: mixed (23 fns))
[2026-08-03T17:45:31+00:00] running=9 done=41/17 pending=0 remaining=9 — next sweep in 180s
[2026-08-03T17:47:22+00:00] FINISHED: cri-01 agent 662db273-79e1-4f52-a64f-d1301eba5ca7 -> done
[2026-08-03T17:47:24+00:00] FINISHED: cri-02 agent 0bceaead-c342-43f2-9b47-5ea9e8006e08 -> done
[2026-08-03T17:47:27+00:00] FINISHED: cri-04 agent 9b8de6c6-0abe-4536-b112-b36077352d96 -> done
[2026-08-03T17:47:29+00:00] FINISHED: cri-05 agent 681eb203-f66c-4b6d-a0a0-8a8afa353209 -> done
[2026-08-03T17:47:30+00:00] FINISHED: cri-06 agent 928b8519-f085-4844-a505-84272feb4364 -> done
[2026-08-03T17:47:33+00:00] FINISHED: cri-08 agent 76286490-1500-49e9-b041-e83a30bc98b8 -> done
[2026-08-03T17:47:36+00:00] FINISHED: cri-10 agent 15326cb9-8ee9-43a4-9c19-674c57fd9778 -> done
[2026-08-03T17:47:39+00:00] FINISHED: cri-13 agent f785425b-6386-4f32-bc71-1f7ecb068668 -> done
[2026-08-03T17:47:42+00:00] FINISHED: cri-14 agent 17ce510d-ddb5-489a-a195-4e7fbc59d229 -> done
[2026-08-03T17:47:45+00:00] running=8 done=9/17 pending=0 remaining=8 — next sweep in 180s
[2026-08-03T17:50:47+00:00] FINISHED: cri-01 agent 662db273-79e1-4f52-a64f-d1301eba5ca7 -> done
[2026-08-03T17:50:49+00:00] FINISHED: cri-02 agent 0bceaead-c342-43f2-9b47-5ea9e8006e08 -> done
[2026-08-03T17:50:51+00:00] FINISHED: cri-03 agent afc313e0-2076-46a8-a533-a751a259f6a8 -> done
[2026-08-03T17:50:53+00:00] FINISHED: cri-04 agent 9b8de6c6-0abe-4536-b112-b36077352d96 -> done
[2026-08-03T17:50:56+00:00] FINISHED: cri-05 agent 681eb203-f66c-4b6d-a0a0-8a8afa353209 -> done
[2026-08-03T17:50:58+00:00] FINISHED: cri-06 agent 928b8519-f085-4844-a505-84272feb4364 -> done
[2026-08-03T17:51:01+00:00] FINISHED: cri-08 agent 76286490-1500-49e9-b041-e83a30bc98b8 -> done
[2026-08-03T17:51:04+00:00] FINISHED: cri-10 agent 15326cb9-8ee9-43a4-9c19-674c57fd9778 -> done
[2026-08-03T17:51:07+00:00] FINISHED: cri-12 agent fdfd18e6-2b74-4f96-8491-9a664235c409 -> done
[2026-08-03T17:51:08+00:00] FINISHED: cri-13 agent f785425b-6386-4f32-bc71-1f7ecb068668 -> done
[2026-08-03T17:51:10+00:00] FINISHED: cri-14 agent 17ce510d-ddb5-489a-a195-4e7fbc59d229 -> done
[2026-08-03T17:51:14+00:00] running=6 done=11/17 pending=0 remaining=6 — next sweep in 180s
[2026-08-03T17:54:16+00:00] FINISHED: cri-01 agent 662db273-79e1-4f52-a64f-d1301eba5ca7 -> done
[2026-08-03T17:54:17+00:00] FINISHED: cri-02 agent 0bceaead-c342-43f2-9b47-5ea9e8006e08 -> done
[2026-08-03T17:54:19+00:00] FINISHED: cri-03 agent afc313e0-2076-46a8-a533-a751a259f6a8 -> done
[2026-08-03T17:54:21+00:00] FINISHED: cri-04 agent 9b8de6c6-0abe-4536-b112-b36077352d96 -> done
[2026-08-03T17:54:22+00:00] FINISHED: cri-05 agent 681eb203-f66c-4b6d-a0a0-8a8afa353209 -> done
[2026-08-03T17:54:24+00:00] FINISHED: cri-06 agent 928b8519-f085-4844-a505-84272feb4364 -> done
[2026-08-03T17:54:27+00:00] FINISHED: cri-08 agent 76286490-1500-49e9-b041-e83a30bc98b8 -> done
[2026-08-03T17:54:29+00:00] FINISHED: cri-10 agent 15326cb9-8ee9-43a4-9c19-674c57fd9778 -> done
[2026-08-03T17:54:32+00:00] FINISHED: cri-12 agent fdfd18e6-2b74-4f96-8491-9a664235c409 -> done
[2026-08-03T17:54:33+00:00] FINISHED: cri-13 agent f785425b-6386-4f32-bc71-1f7ecb068668 -> done
[2026-08-03T17:54:35+00:00] FINISHED: cri-14 agent 17ce510d-ddb5-489a-a195-4e7fbc59d229 -> done
[2026-08-03T17:54:38+00:00] running=6 done=11/17 pending=0 remaining=6 — next sweep in 180s
[2026-08-03T17:57:40+00:00] FINISHED: cri-01 agent 662db273-79e1-4f52-a64f-d1301eba5ca7 -> done
[2026-08-03T17:57:42+00:00] FINISHED: cri-02 agent 0bceaead-c342-43f2-9b47-5ea9e8006e08 -> done
[2026-08-03T17:57:44+00:00] FINISHED: cri-03 agent afc313e0-2076-46a8-a533-a751a259f6a8 -> done
[2026-08-03T17:57:45+00:00] FINISHED: cri-04 agent 9b8de6c6-0abe-4536-b112-b36077352d96 -> done
[2026-08-03T17:57:47+00:00] FINISHED: cri-05 agent 681eb203-f66c-4b6d-a0a0-8a8afa353209 -> done
[2026-08-03T17:57:49+00:00] FINISHED: cri-06 agent 928b8519-f085-4844-a505-84272feb4364 -> done
[2026-08-03T17:57:51+00:00] FINISHED: cri-07 agent cbdebaf5-8266-4d81-8cee-a17a3721377e -> done
[2026-08-03T17:57:52+00:00] FINISHED: cri-08 agent 76286490-1500-49e9-b041-e83a30bc98b8 -> done
[2026-08-03T17:57:55+00:00] FINISHED: cri-10 agent 15326cb9-8ee9-43a4-9c19-674c57fd9778 -> done
[2026-08-03T17:57:58+00:00] FINISHED: cri-12 agent fdfd18e6-2b74-4f96-8491-9a664235c409 -> done
[2026-08-03T17:58:00+00:00] FINISHED: cri-13 agent f785425b-6386-4f32-bc71-1f7ecb068668 -> done
[2026-08-03T17:58:01+00:00] FINISHED: cri-14 agent 17ce510d-ddb5-489a-a195-4e7fbc59d229 -> done
[2026-08-03T17:58:05+00:00] running=5 done=12/17 pending=0 remaining=5 — next sweep in 180s
[2026-08-03T18:01:07+00:00] FINISHED: cri-01 agent 662db273-79e1-4f52-a64f-d1301eba5ca7 -> done
[2026-08-03T18:01:08+00:00] FINISHED: cri-02 agent 0bceaead-c342-43f2-9b47-5ea9e8006e08 -> done
[2026-08-03T18:01:10+00:00] FINISHED: cri-03 agent afc313e0-2076-46a8-a533-a751a259f6a8 -> done
[2026-08-03T18:01:12+00:00] FINISHED: cri-04 agent 9b8de6c6-0abe-4536-b112-b36077352d96 -> done
[2026-08-03T18:01:14+00:00] FINISHED: cri-05 agent 681eb203-f66c-4b6d-a0a0-8a8afa353209 -> done
[2026-08-03T18:01:16+00:00] FINISHED: cri-06 agent 928b8519-f085-4844-a505-84272feb4364 -> done
[2026-08-03T18:01:17+00:00] FINISHED: cri-07 agent cbdebaf5-8266-4d81-8cee-a17a3721377e -> done
[2026-08-03T18:01:19+00:00] FINISHED: cri-08 agent 76286490-1500-49e9-b041-e83a30bc98b8 -> done
[2026-08-03T18:01:21+00:00] FINISHED: cri-10 agent 15326cb9-8ee9-43a4-9c19-674c57fd9778 -> done
[2026-08-03T18:01:23+00:00] FINISHED: cri-11 agent 76e79b1e-c30e-4a17-ad12-33df655b8749 -> done
[2026-08-03T18:01:25+00:00] FINISHED: cri-12 agent fdfd18e6-2b74-4f96-8491-9a664235c409 -> done
[2026-08-03T18:01:26+00:00] FINISHED: cri-13 agent f785425b-6386-4f32-bc71-1f7ecb068668 -> done
[2026-08-03T18:01:28+00:00] FINISHED: cri-14 agent 17ce510d-ddb5-489a-a195-4e7fbc59d229 -> done
[2026-08-03T18:01:30+00:00] FINISHED: cri-15 agent ea2d926f-a65b-44d1-a14e-8695d4cecb13 -> done
[2026-08-03T18:01:32+00:00] running=3 done=14/17 pending=0 remaining=3 — next sweep in 180s
[2026-08-03T18:04:34+00:00] FINISHED: cri-01 agent 662db273-79e1-4f52-a64f-d1301eba5ca7 -> done
[2026-08-03T18:04:36+00:00] FINISHED: cri-02 agent 0bceaead-c342-43f2-9b47-5ea9e8006e08 -> done
[2026-08-03T18:04:38+00:00] FINISHED: cri-03 agent afc313e0-2076-46a8-a533-a751a259f6a8 -> done
[2026-08-03T18:04:39+00:00] FINISHED: cri-04 agent 9b8de6c6-0abe-4536-b112-b36077352d96 -> done
[2026-08-03T18:04:41+00:00] FINISHED: cri-05 agent 681eb203-f66c-4b6d-a0a0-8a8afa353209 -> done
[2026-08-03T18:04:43+00:00] FINISHED: cri-06 agent 928b8519-f085-4844-a505-84272feb4364 -> done
[2026-08-03T18:04:45+00:00] FINISHED: cri-07 agent cbdebaf5-8266-4d81-8cee-a17a3721377e -> done
[2026-08-03T18:04:46+00:00] FINISHED: cri-08 agent 76286490-1500-49e9-b041-e83a30bc98b8 -> done
[2026-08-03T18:04:48+00:00] FINISHED: cri-09 agent 0c175e94-8775-452a-947b-fbd7af8bdf71 -> done
[2026-08-03T18:04:50+00:00] FINISHED: cri-10 agent 15326cb9-8ee9-43a4-9c19-674c57fd9778 -> done
[2026-08-03T18:04:52+00:00] FINISHED: cri-11 agent 76e79b1e-c30e-4a17-ad12-33df655b8749 -> done
[2026-08-03T18:04:54+00:00] FINISHED: cri-12 agent fdfd18e6-2b74-4f96-8491-9a664235c409 -> done
[2026-08-03T18:04:56+00:00] FINISHED: cri-13 agent f785425b-6386-4f32-bc71-1f7ecb068668 -> done
[2026-08-03T18:04:57+00:00] FINISHED: cri-14 agent 17ce510d-ddb5-489a-a195-4e7fbc59d229 -> done
[2026-08-03T18:04:59+00:00] FINISHED: cri-15 agent ea2d926f-a65b-44d1-a14e-8695d4cecb13 -> done
[2026-08-03T18:05:01+00:00] running=2 done=15/17 pending=0 remaining=2 — next sweep in 180s
[2026-08-03T18:08:03+00:00] FINISHED: cri-01 agent 662db273-79e1-4f52-a64f-d1301eba5ca7 -> done
[2026-08-03T18:08:05+00:00] FINISHED: cri-02 agent 0bceaead-c342-43f2-9b47-5ea9e8006e08 -> done
[2026-08-03T18:08:07+00:00] FINISHED: cri-03 agent afc313e0-2076-46a8-a533-a751a259f6a8 -> done
[2026-08-03T18:08:08+00:00] FINISHED: cri-04 agent 9b8de6c6-0abe-4536-b112-b36077352d96 -> done
[2026-08-03T18:08:10+00:00] FINISHED: cri-05 agent 681eb203-f66c-4b6d-a0a0-8a8afa353209 -> done
[2026-08-03T18:08:12+00:00] FINISHED: cri-06 agent 928b8519-f085-4844-a505-84272feb4364 -> done
[2026-08-03T18:08:13+00:00] FINISHED: cri-07 agent cbdebaf5-8266-4d81-8cee-a17a3721377e -> done
[2026-08-03T18:08:15+00:00] FINISHED: cri-08 agent 76286490-1500-49e9-b041-e83a30bc98b8 -> done
[2026-08-03T18:08:17+00:00] FINISHED: cri-09 agent 0c175e94-8775-452a-947b-fbd7af8bdf71 -> done
[2026-08-03T18:08:19+00:00] FINISHED: cri-10 agent 15326cb9-8ee9-43a4-9c19-674c57fd9778 -> done
[2026-08-03T18:08:20+00:00] FINISHED: cri-11 agent 76e79b1e-c30e-4a17-ad12-33df655b8749 -> done
[2026-08-03T18:08:22+00:00] FINISHED: cri-12 agent fdfd18e6-2b74-4f96-8491-9a664235c409 -> done
[2026-08-03T18:08:24+00:00] FINISHED: cri-13 agent f785425b-6386-4f32-bc71-1f7ecb068668 -> done
[2026-08-03T18:08:25+00:00] FINISHED: cri-14 agent 17ce510d-ddb5-489a-a195-4e7fbc59d229 -> done
[2026-08-03T18:08:27+00:00] FINISHED: cri-15 agent ea2d926f-a65b-44d1-a14e-8695d4cecb13 -> done
[2026-08-03T18:08:29+00:00] running=2 done=15/17 pending=0 remaining=2 — next sweep in 180s
[2026-08-03T18:20:23+00:00] FINISHED: cri-01 agent 662db273-79e1-4f52-a64f-d1301eba5ca7 -> done
[2026-08-03T18:20:25+00:00] FINISHED: cri-02 agent 0bceaead-c342-43f2-9b47-5ea9e8006e08 -> done
[2026-08-03T18:20:27+00:00] FINISHED: cri-03 agent afc313e0-2076-46a8-a533-a751a259f6a8 -> done
[2026-08-03T18:20:29+00:00] FINISHED: cri-04 agent 9b8de6c6-0abe-4536-b112-b36077352d96 -> done
[2026-08-03T18:20:31+00:00] FINISHED: cri-05 agent 681eb203-f66c-4b6d-a0a0-8a8afa353209 -> done
[2026-08-03T18:20:32+00:00] FINISHED: cri-06 agent 928b8519-f085-4844-a505-84272feb4364 -> done
[2026-08-03T18:20:34+00:00] FINISHED: cri-07 agent cbdebaf5-8266-4d81-8cee-a17a3721377e -> done
[2026-08-03T18:20:36+00:00] FINISHED: cri-08 agent 76286490-1500-49e9-b041-e83a30bc98b8 -> done
[2026-08-03T18:20:38+00:00] FINISHED: cri-09 agent 0c175e94-8775-452a-947b-fbd7af8bdf71 -> done
[2026-08-03T18:20:40+00:00] FINISHED: cri-10 agent 15326cb9-8ee9-43a4-9c19-674c57fd9778 -> done
[2026-08-03T18:20:42+00:00] FINISHED: cri-11 agent 76e79b1e-c30e-4a17-ad12-33df655b8749 -> done
[2026-08-03T18:20:44+00:00] FINISHED: cri-12 agent fdfd18e6-2b74-4f96-8491-9a664235c409 -> done
[2026-08-03T18:20:46+00:00] FINISHED: cri-13 agent f785425b-6386-4f32-bc71-1f7ecb068668 -> done
[2026-08-03T18:20:48+00:00] FINISHED: cri-14 agent 17ce510d-ddb5-489a-a195-4e7fbc59d229 -> done
[2026-08-03T18:20:50+00:00] FINISHED: cri-15 agent ea2d926f-a65b-44d1-a14e-8695d4cecb13 -> done
[2026-08-03T18:20:53+00:00] running=2 done=15/17 pending=0 remaining=2 — next sweep in 180s
[2026-08-03T18:23:55+00:00] FINISHED: cri-01 agent 662db273-79e1-4f52-a64f-d1301eba5ca7 -> done
[2026-08-03T18:23:56+00:00] FINISHED: cri-02 agent 0bceaead-c342-43f2-9b47-5ea9e8006e08 -> done
[2026-08-03T18:23:58+00:00] FINISHED: cri-03 agent afc313e0-2076-46a8-a533-a751a259f6a8 -> done
[2026-08-03T18:24:00+00:00] FINISHED: cri-04 agent 9b8de6c6-0abe-4536-b112-b36077352d96 -> done
[2026-08-03T18:24:01+00:00] FINISHED: cri-05 agent 681eb203-f66c-4b6d-a0a0-8a8afa353209 -> done
[2026-08-03T18:24:03+00:00] FINISHED: cri-06 agent 928b8519-f085-4844-a505-84272feb4364 -> done
[2026-08-03T18:24:05+00:00] FINISHED: cri-07 agent cbdebaf5-8266-4d81-8cee-a17a3721377e -> done
[2026-08-03T18:24:06+00:00] FINISHED: cri-08 agent 76286490-1500-49e9-b041-e83a30bc98b8 -> done
[2026-08-03T18:24:08+00:00] FINISHED: cri-09 agent 0c175e94-8775-452a-947b-fbd7af8bdf71 -> done
[2026-08-03T18:24:10+00:00] FINISHED: cri-10 agent 15326cb9-8ee9-43a4-9c19-674c57fd9778 -> done
[2026-08-03T18:24:11+00:00] FINISHED: cri-11 agent 76e79b1e-c30e-4a17-ad12-33df655b8749 -> done
[2026-08-03T18:24:13+00:00] FINISHED: cri-12 agent fdfd18e6-2b74-4f96-8491-9a664235c409 -> done
[2026-08-03T18:24:15+00:00] FINISHED: cri-13 agent f785425b-6386-4f32-bc71-1f7ecb068668 -> done
[2026-08-03T18:24:16+00:00] FINISHED: cri-14 agent 17ce510d-ddb5-489a-a195-4e7fbc59d229 -> done
[2026-08-03T18:24:18+00:00] FINISHED: cri-15 agent ea2d926f-a65b-44d1-a14e-8695d4cecb13 -> done
[2026-08-03T18:24:20+00:00] running=2 done=15/17 pending=0 remaining=2 — next sweep in 180s
[2026-08-03T18:27:22+00:00] FINISHED: cri-01 agent 662db273-79e1-4f52-a64f-d1301eba5ca7 -> done
[2026-08-03T18:27:24+00:00] FINISHED: cri-02 agent 0bceaead-c342-43f2-9b47-5ea9e8006e08 -> done
[2026-08-03T18:27:25+00:00] FINISHED: cri-03 agent afc313e0-2076-46a8-a533-a751a259f6a8 -> done
[2026-08-03T18:27:27+00:00] FINISHED: cri-04 agent 9b8de6c6-0abe-4536-b112-b36077352d96 -> done
[2026-08-03T18:27:29+00:00] FINISHED: cri-05 agent 681eb203-f66c-4b6d-a0a0-8a8afa353209 -> done
[2026-08-03T18:27:31+00:00] FINISHED: cri-06 agent 928b8519-f085-4844-a505-84272feb4364 -> done
[2026-08-03T18:27:32+00:00] FINISHED: cri-07 agent cbdebaf5-8266-4d81-8cee-a17a3721377e -> done
[2026-08-03T18:27:34+00:00] FINISHED: cri-08 agent 76286490-1500-49e9-b041-e83a30bc98b8 -> done
[2026-08-03T18:27:36+00:00] FINISHED: cri-09 agent 0c175e94-8775-452a-947b-fbd7af8bdf71 -> done
[2026-08-03T18:27:37+00:00] FINISHED: cri-10 agent 15326cb9-8ee9-43a4-9c19-674c57fd9778 -> done
[2026-08-03T18:27:39+00:00] FINISHED: cri-11 agent 76e79b1e-c30e-4a17-ad12-33df655b8749 -> done
[2026-08-03T18:27:41+00:00] FINISHED: cri-12 agent fdfd18e6-2b74-4f96-8491-9a664235c409 -> done
[2026-08-03T18:27:42+00:00] FINISHED: cri-13 agent f785425b-6386-4f32-bc71-1f7ecb068668 -> done
[2026-08-03T18:27:44+00:00] FINISHED: cri-14 agent 17ce510d-ddb5-489a-a195-4e7fbc59d229 -> done
[2026-08-03T18:27:46+00:00] FINISHED: cri-15 agent ea2d926f-a65b-44d1-a14e-8695d4cecb13 -> done
[2026-08-03T18:27:48+00:00] running=2 done=15/17 pending=0 remaining=2 — next sweep in 180s
[2026-08-03T18:31:24+00:00] FINISHED: cri-01 agent 662db273-79e1-4f52-a64f-d1301eba5ca7 -> done
[2026-08-03T18:31:26+00:00] FINISHED: cri-02 agent 0bceaead-c342-43f2-9b47-5ea9e8006e08 -> done
[2026-08-03T18:31:28+00:00] FINISHED: cri-03 agent afc313e0-2076-46a8-a533-a751a259f6a8 -> done
[2026-08-03T18:31:30+00:00] FINISHED: cri-04 agent 9b8de6c6-0abe-4536-b112-b36077352d96 -> done
[2026-08-03T18:31:31+00:00] FINISHED: cri-05 agent 681eb203-f66c-4b6d-a0a0-8a8afa353209 -> done
[2026-08-03T18:31:33+00:00] FINISHED: cri-06 agent 928b8519-f085-4844-a505-84272feb4364 -> done
[2026-08-03T18:31:35+00:00] FINISHED: cri-07 agent cbdebaf5-8266-4d81-8cee-a17a3721377e -> done
[2026-08-03T18:31:37+00:00] FINISHED: cri-08 agent 76286490-1500-49e9-b041-e83a30bc98b8 -> done
[2026-08-03T18:31:39+00:00] FINISHED: cri-09 agent 0c175e94-8775-452a-947b-fbd7af8bdf71 -> done
[2026-08-03T18:31:40+00:00] FINISHED: cri-10 agent 15326cb9-8ee9-43a4-9c19-674c57fd9778 -> done
[2026-08-03T18:31:42+00:00] FINISHED: cri-11 agent 76e79b1e-c30e-4a17-ad12-33df655b8749 -> done
[2026-08-03T18:31:44+00:00] FINISHED: cri-12 agent fdfd18e6-2b74-4f96-8491-9a664235c409 -> done
[2026-08-03T18:31:46+00:00] FINISHED: cri-13 agent f785425b-6386-4f32-bc71-1f7ecb068668 -> done
[2026-08-03T18:31:48+00:00] FINISHED: cri-14 agent 17ce510d-ddb5-489a-a195-4e7fbc59d229 -> done
[2026-08-03T18:31:49+00:00] FINISHED: cri-15 agent ea2d926f-a65b-44d1-a14e-8695d4cecb13 -> done
[2026-08-03T18:31:52+00:00] running=2 done=15/17 pending=0 remaining=2 — next sweep in 180s
[2026-08-03T18:34:54+00:00] FINISHED: cri-01 agent 662db273-79e1-4f52-a64f-d1301eba5ca7 -> done
[2026-08-03T18:34:55+00:00] FINISHED: cri-02 agent 0bceaead-c342-43f2-9b47-5ea9e8006e08 -> done
[2026-08-03T18:34:57+00:00] FINISHED: cri-03 agent afc313e0-2076-46a8-a533-a751a259f6a8 -> done
[2026-08-03T18:34:59+00:00] FINISHED: cri-04 agent 9b8de6c6-0abe-4536-b112-b36077352d96 -> done
[2026-08-03T18:35:01+00:00] FINISHED: cri-05 agent 681eb203-f66c-4b6d-a0a0-8a8afa353209 -> done
[2026-08-03T18:35:02+00:00] FINISHED: cri-06 agent 928b8519-f085-4844-a505-84272feb4364 -> done
[2026-08-03T18:35:04+00:00] FINISHED: cri-07 agent cbdebaf5-8266-4d81-8cee-a17a3721377e -> done
[2026-08-03T18:35:06+00:00] FINISHED: cri-08 agent 76286490-1500-49e9-b041-e83a30bc98b8 -> done
[2026-08-03T18:35:07+00:00] FINISHED: cri-09 agent 0c175e94-8775-452a-947b-fbd7af8bdf71 -> done
[2026-08-03T18:35:09+00:00] FINISHED: cri-10 agent 15326cb9-8ee9-43a4-9c19-674c57fd9778 -> done
[2026-08-03T18:35:11+00:00] FINISHED: cri-11 agent 76e79b1e-c30e-4a17-ad12-33df655b8749 -> done
[2026-08-03T18:35:12+00:00] FINISHED: cri-12 agent fdfd18e6-2b74-4f96-8491-9a664235c409 -> done
[2026-08-03T18:35:14+00:00] FINISHED: cri-13 agent f785425b-6386-4f32-bc71-1f7ecb068668 -> done
[2026-08-03T18:35:16+00:00] FINISHED: cri-14 agent 17ce510d-ddb5-489a-a195-4e7fbc59d229 -> done
[2026-08-03T18:35:17+00:00] FINISHED: cri-15 agent ea2d926f-a65b-44d1-a14e-8695d4cecb13 -> done
[2026-08-03T18:35:20+00:00] running=2 done=15/17 pending=0 remaining=2 — next sweep in 180s
[2026-08-03T18:38:21+00:00] FINISHED: cri-01 agent 662db273-79e1-4f52-a64f-d1301eba5ca7 -> done
[2026-08-03T18:38:23+00:00] FINISHED: cri-02 agent 0bceaead-c342-43f2-9b47-5ea9e8006e08 -> done
[2026-08-03T18:38:25+00:00] FINISHED: cri-03 agent afc313e0-2076-46a8-a533-a751a259f6a8 -> done
[2026-08-03T18:38:27+00:00] FINISHED: cri-04 agent 9b8de6c6-0abe-4536-b112-b36077352d96 -> done
[2026-08-03T18:38:28+00:00] FINISHED: cri-05 agent 681eb203-f66c-4b6d-a0a0-8a8afa353209 -> done
[2026-08-03T18:38:30+00:00] FINISHED: cri-06 agent 928b8519-f085-4844-a505-84272feb4364 -> done
[2026-08-03T18:38:31+00:00] FINISHED: cri-07 agent cbdebaf5-8266-4d81-8cee-a17a3721377e -> done
[2026-08-03T18:38:33+00:00] FINISHED: cri-08 agent 76286490-1500-49e9-b041-e83a30bc98b8 -> done
[2026-08-03T18:38:35+00:00] FINISHED: cri-09 agent 0c175e94-8775-452a-947b-fbd7af8bdf71 -> done
[2026-08-03T18:38:36+00:00] FINISHED: cri-10 agent 15326cb9-8ee9-43a4-9c19-674c57fd9778 -> done
[2026-08-03T18:38:38+00:00] FINISHED: cri-11 agent 76e79b1e-c30e-4a17-ad12-33df655b8749 -> done
[2026-08-03T18:38:40+00:00] FINISHED: cri-12 agent fdfd18e6-2b74-4f96-8491-9a664235c409 -> done
[2026-08-03T18:38:42+00:00] FINISHED: cri-13 agent f785425b-6386-4f32-bc71-1f7ecb068668 -> done
[2026-08-03T18:38:44+00:00] FINISHED: cri-14 agent 17ce510d-ddb5-489a-a195-4e7fbc59d229 -> done
[2026-08-03T18:38:45+00:00] FINISHED: cri-15 agent ea2d926f-a65b-44d1-a14e-8695d4cecb13 -> done
[2026-08-03T18:38:48+00:00] running=2 done=15/17 pending=0 remaining=2 — next sweep in 180s
[2026-08-03T18:41:50+00:00] FINISHED: cri-01 agent 662db273-79e1-4f52-a64f-d1301eba5ca7 -> done
[2026-08-03T18:41:51+00:00] FINISHED: cri-02 agent 0bceaead-c342-43f2-9b47-5ea9e8006e08 -> done
[2026-08-03T18:41:53+00:00] FINISHED: cri-03 agent afc313e0-2076-46a8-a533-a751a259f6a8 -> done
[2026-08-03T18:41:55+00:00] FINISHED: cri-04 agent 9b8de6c6-0abe-4536-b112-b36077352d96 -> done
[2026-08-03T18:41:56+00:00] FINISHED: cri-05 agent 681eb203-f66c-4b6d-a0a0-8a8afa353209 -> done
[2026-08-03T18:41:58+00:00] FINISHED: cri-06 agent 928b8519-f085-4844-a505-84272feb4364 -> done
[2026-08-03T18:42:00+00:00] FINISHED: cri-07 agent cbdebaf5-8266-4d81-8cee-a17a3721377e -> done
[2026-08-03T18:42:02+00:00] FINISHED: cri-08 agent 76286490-1500-49e9-b041-e83a30bc98b8 -> done
[2026-08-03T18:42:04+00:00] FINISHED: cri-09 agent 0c175e94-8775-452a-947b-fbd7af8bdf71 -> done
[2026-08-03T18:42:06+00:00] FINISHED: cri-10 agent 15326cb9-8ee9-43a4-9c19-674c57fd9778 -> done
[2026-08-03T18:42:07+00:00] FINISHED: cri-11 agent 76e79b1e-c30e-4a17-ad12-33df655b8749 -> done
[2026-08-03T18:42:09+00:00] FINISHED: cri-12 agent fdfd18e6-2b74-4f96-8491-9a664235c409 -> done
[2026-08-03T18:42:11+00:00] FINISHED: cri-13 agent f785425b-6386-4f32-bc71-1f7ecb068668 -> done
[2026-08-03T18:42:12+00:00] FINISHED: cri-14 agent 17ce510d-ddb5-489a-a195-4e7fbc59d229 -> done
[2026-08-03T18:42:14+00:00] FINISHED: cri-15 agent ea2d926f-a65b-44d1-a14e-8695d4cecb13 -> done
[2026-08-03T18:42:17+00:00] running=2 done=15/17 pending=0 remaining=2 — next sweep in 180s
[2026-08-03T18:45:18+00:00] FINISHED: cri-01 agent 662db273-79e1-4f52-a64f-d1301eba5ca7 -> done
[2026-08-03T18:45:20+00:00] FINISHED: cri-02 agent 0bceaead-c342-43f2-9b47-5ea9e8006e08 -> done
[2026-08-03T18:45:22+00:00] FINISHED: cri-03 agent afc313e0-2076-46a8-a533-a751a259f6a8 -> done
[2026-08-03T18:45:24+00:00] FINISHED: cri-04 agent 9b8de6c6-0abe-4536-b112-b36077352d96 -> done
[2026-08-03T18:45:25+00:00] FINISHED: cri-05 agent 681eb203-f66c-4b6d-a0a0-8a8afa353209 -> done
[2026-08-03T18:45:27+00:00] FINISHED: cri-06 agent 928b8519-f085-4844-a505-84272feb4364 -> done
[2026-08-03T18:45:29+00:00] FINISHED: cri-07 agent cbdebaf5-8266-4d81-8cee-a17a3721377e -> done
[2026-08-03T18:45:31+00:00] FINISHED: cri-08 agent 76286490-1500-49e9-b041-e83a30bc98b8 -> done
[2026-08-03T18:45:32+00:00] FINISHED: cri-09 agent 0c175e94-8775-452a-947b-fbd7af8bdf71 -> done
[2026-08-03T18:45:34+00:00] FINISHED: cri-10 agent 15326cb9-8ee9-43a4-9c19-674c57fd9778 -> done
[2026-08-03T18:45:36+00:00] FINISHED: cri-11 agent 76e79b1e-c30e-4a17-ad12-33df655b8749 -> done
[2026-08-03T18:45:38+00:00] FINISHED: cri-12 agent fdfd18e6-2b74-4f96-8491-9a664235c409 -> done
[2026-08-03T18:45:40+00:00] FINISHED: cri-13 agent f785425b-6386-4f32-bc71-1f7ecb068668 -> done
[2026-08-03T18:45:41+00:00] FINISHED: cri-14 agent 17ce510d-ddb5-489a-a195-4e7fbc59d229 -> done
[2026-08-03T18:45:43+00:00] FINISHED: cri-15 agent ea2d926f-a65b-44d1-a14e-8695d4cecb13 -> done
[2026-08-03T18:45:46+00:00] running=2 done=15/17 pending=0 remaining=2 — next sweep in 180s
[2026-08-03T18:48:48+00:00] FINISHED: cri-01 agent 662db273-79e1-4f52-a64f-d1301eba5ca7 -> done
[2026-08-03T18:48:49+00:00] FINISHED: cri-02 agent 0bceaead-c342-43f2-9b47-5ea9e8006e08 -> done
[2026-08-03T18:48:51+00:00] FINISHED: cri-03 agent afc313e0-2076-46a8-a533-a751a259f6a8 -> done
[2026-08-03T18:48:53+00:00] FINISHED: cri-04 agent 9b8de6c6-0abe-4536-b112-b36077352d96 -> done
[2026-08-03T18:48:55+00:00] FINISHED: cri-05 agent 681eb203-f66c-4b6d-a0a0-8a8afa353209 -> done
[2026-08-03T18:48:57+00:00] FINISHED: cri-06 agent 928b8519-f085-4844-a505-84272feb4364 -> done
[2026-08-03T18:48:58+00:00] FINISHED: cri-07 agent cbdebaf5-8266-4d81-8cee-a17a3721377e -> done
[2026-08-03T18:49:00+00:00] FINISHED: cri-08 agent 76286490-1500-49e9-b041-e83a30bc98b8 -> done
[2026-08-03T18:49:02+00:00] FINISHED: cri-09 agent 0c175e94-8775-452a-947b-fbd7af8bdf71 -> done
[2026-08-03T18:49:03+00:00] FINISHED: cri-10 agent 15326cb9-8ee9-43a4-9c19-674c57fd9778 -> done
[2026-08-03T18:49:05+00:00] FINISHED: cri-11 agent 76e79b1e-c30e-4a17-ad12-33df655b8749 -> done
[2026-08-03T18:49:07+00:00] FINISHED: cri-12 agent fdfd18e6-2b74-4f96-8491-9a664235c409 -> done
[2026-08-03T18:49:09+00:00] FINISHED: cri-13 agent f785425b-6386-4f32-bc71-1f7ecb068668 -> done
[2026-08-03T18:49:10+00:00] FINISHED: cri-14 agent 17ce510d-ddb5-489a-a195-4e7fbc59d229 -> done
[2026-08-03T18:49:12+00:00] FINISHED: cri-15 agent ea2d926f-a65b-44d1-a14e-8695d4cecb13 -> done
[2026-08-03T18:49:15+00:00] running=2 done=15/17 pending=0 remaining=2 — next sweep in 180s
[2026-08-03T18:52:17+00:00] FINISHED: cri-01 agent 662db273-79e1-4f52-a64f-d1301eba5ca7 -> done
[2026-08-03T18:52:18+00:00] FINISHED: cri-02 agent 0bceaead-c342-43f2-9b47-5ea9e8006e08 -> done
[2026-08-03T18:52:20+00:00] FINISHED: cri-03 agent afc313e0-2076-46a8-a533-a751a259f6a8 -> done
[2026-08-03T18:52:22+00:00] FINISHED: cri-04 agent 9b8de6c6-0abe-4536-b112-b36077352d96 -> done
[2026-08-03T18:52:23+00:00] FINISHED: cri-05 agent 681eb203-f66c-4b6d-a0a0-8a8afa353209 -> done
[2026-08-03T18:52:25+00:00] FINISHED: cri-06 agent 928b8519-f085-4844-a505-84272feb4364 -> done
[2026-08-03T18:52:27+00:00] FINISHED: cri-07 agent cbdebaf5-8266-4d81-8cee-a17a3721377e -> done
[2026-08-03T18:52:28+00:00] FINISHED: cri-08 agent 76286490-1500-49e9-b041-e83a30bc98b8 -> done
[2026-08-03T18:52:30+00:00] FINISHED: cri-09 agent 0c175e94-8775-452a-947b-fbd7af8bdf71 -> done
[2026-08-03T18:52:32+00:00] FINISHED: cri-10 agent 15326cb9-8ee9-43a4-9c19-674c57fd9778 -> done
[2026-08-03T18:52:33+00:00] FINISHED: cri-11 agent 76e79b1e-c30e-4a17-ad12-33df655b8749 -> done
[2026-08-03T18:52:35+00:00] FINISHED: cri-12 agent fdfd18e6-2b74-4f96-8491-9a664235c409 -> done
[2026-08-03T18:52:37+00:00] FINISHED: cri-13 agent f785425b-6386-4f32-bc71-1f7ecb068668 -> done
[2026-08-03T18:52:38+00:00] FINISHED: cri-14 agent 17ce510d-ddb5-489a-a195-4e7fbc59d229 -> done
[2026-08-03T18:52:40+00:00] FINISHED: cri-15 agent ea2d926f-a65b-44d1-a14e-8695d4cecb13 -> done
[2026-08-03T18:52:43+00:00] running=2 done=15/17 pending=0 remaining=2 — next sweep in 180s
[2026-08-03T18:55:44+00:00] FINISHED: cri-01 agent 662db273-79e1-4f52-a64f-d1301eba5ca7 -> done
[2026-08-03T18:55:46+00:00] FINISHED: cri-02 agent 0bceaead-c342-43f2-9b47-5ea9e8006e08 -> done
[2026-08-03T18:55:48+00:00] FINISHED: cri-03 agent afc313e0-2076-46a8-a533-a751a259f6a8 -> done
[2026-08-03T18:55:50+00:00] FINISHED: cri-04 agent 9b8de6c6-0abe-4536-b112-b36077352d96 -> done
[2026-08-03T18:55:52+00:00] FINISHED: cri-05 agent 681eb203-f66c-4b6d-a0a0-8a8afa353209 -> done
[2026-08-03T18:55:53+00:00] FINISHED: cri-06 agent 928b8519-f085-4844-a505-84272feb4364 -> done
[2026-08-03T18:55:55+00:00] FINISHED: cri-07 agent cbdebaf5-8266-4d81-8cee-a17a3721377e -> done
[2026-08-03T18:55:57+00:00] FINISHED: cri-08 agent 76286490-1500-49e9-b041-e83a30bc98b8 -> done
[2026-08-03T18:55:59+00:00] FINISHED: cri-09 agent 0c175e94-8775-452a-947b-fbd7af8bdf71 -> done
[2026-08-03T18:56:01+00:00] FINISHED: cri-10 agent 15326cb9-8ee9-43a4-9c19-674c57fd9778 -> done
[2026-08-03T18:56:03+00:00] FINISHED: cri-11 agent 76e79b1e-c30e-4a17-ad12-33df655b8749 -> done
[2026-08-03T18:56:05+00:00] FINISHED: cri-12 agent fdfd18e6-2b74-4f96-8491-9a664235c409 -> done
[2026-08-03T18:56:07+00:00] FINISHED: cri-13 agent f785425b-6386-4f32-bc71-1f7ecb068668 -> done
[2026-08-03T18:56:09+00:00] FINISHED: cri-14 agent 17ce510d-ddb5-489a-a195-4e7fbc59d229 -> done
[2026-08-03T18:56:10+00:00] FINISHED: cri-15 agent ea2d926f-a65b-44d1-a14e-8695d4cecb13 -> done
[2026-08-03T18:56:12+00:00] FINISHED: cri-16 agent 3fae4b0c-47b0-485f-8548-04a31f99a0e5 -> done
[2026-08-03T18:56:14+00:00] running=1 done=16/17 pending=0 remaining=1 — next sweep in 180s
[2026-08-03T18:59:16+00:00] FINISHED: cri-01 agent 662db273-79e1-4f52-a64f-d1301eba5ca7 -> done
[2026-08-03T18:59:18+00:00] FINISHED: cri-02 agent 0bceaead-c342-43f2-9b47-5ea9e8006e08 -> done
[2026-08-03T18:59:20+00:00] FINISHED: cri-03 agent afc313e0-2076-46a8-a533-a751a259f6a8 -> done
[2026-08-03T18:59:21+00:00] FINISHED: cri-04 agent 9b8de6c6-0abe-4536-b112-b36077352d96 -> done
[2026-08-03T18:59:23+00:00] FINISHED: cri-05 agent 681eb203-f66c-4b6d-a0a0-8a8afa353209 -> done
[2026-08-03T18:59:25+00:00] FINISHED: cri-06 agent 928b8519-f085-4844-a505-84272feb4364 -> done
[2026-08-03T18:59:27+00:00] FINISHED: cri-07 agent cbdebaf5-8266-4d81-8cee-a17a3721377e -> done
[2026-08-03T18:59:29+00:00] FINISHED: cri-08 agent 76286490-1500-49e9-b041-e83a30bc98b8 -> done
[2026-08-03T18:59:30+00:00] FINISHED: cri-09 agent 0c175e94-8775-452a-947b-fbd7af8bdf71 -> done
[2026-08-03T18:59:32+00:00] FINISHED: cri-10 agent 15326cb9-8ee9-43a4-9c19-674c57fd9778 -> done
[2026-08-03T18:59:34+00:00] FINISHED: cri-11 agent 76e79b1e-c30e-4a17-ad12-33df655b8749 -> done
[2026-08-03T18:59:36+00:00] FINISHED: cri-12 agent fdfd18e6-2b74-4f96-8491-9a664235c409 -> done
[2026-08-03T18:59:38+00:00] FINISHED: cri-13 agent f785425b-6386-4f32-bc71-1f7ecb068668 -> done
[2026-08-03T18:59:39+00:00] FINISHED: cri-14 agent 17ce510d-ddb5-489a-a195-4e7fbc59d229 -> done
[2026-08-03T18:59:41+00:00] FINISHED: cri-15 agent ea2d926f-a65b-44d1-a14e-8695d4cecb13 -> done
[2026-08-03T18:59:43+00:00] FINISHED: cri-16 agent 3fae4b0c-47b0-485f-8548-04a31f99a0e5 -> done
[2026-08-03T18:59:45+00:00] running=1 done=16/17 pending=0 remaining=1 — next sweep in 180s
[2026-08-03T19:02:46+00:00] FINISHED: cri-01 agent 662db273-79e1-4f52-a64f-d1301eba5ca7 -> done
[2026-08-03T19:02:48+00:00] FINISHED: cri-02 agent 0bceaead-c342-43f2-9b47-5ea9e8006e08 -> done
[2026-08-03T19:02:50+00:00] FINISHED: cri-03 agent afc313e0-2076-46a8-a533-a751a259f6a8 -> done
[2026-08-03T19:02:52+00:00] FINISHED: cri-04 agent 9b8de6c6-0abe-4536-b112-b36077352d96 -> done
[2026-08-03T19:02:53+00:00] FINISHED: cri-05 agent 681eb203-f66c-4b6d-a0a0-8a8afa353209 -> done
[2026-08-03T19:02:55+00:00] FINISHED: cri-06 agent 928b8519-f085-4844-a505-84272feb4364 -> done
[2026-08-03T19:02:57+00:00] FINISHED: cri-07 agent cbdebaf5-8266-4d81-8cee-a17a3721377e -> done
[2026-08-03T19:02:59+00:00] FINISHED: cri-08 agent 76286490-1500-49e9-b041-e83a30bc98b8 -> done
[2026-08-03T19:03:01+00:00] FINISHED: cri-09 agent 0c175e94-8775-452a-947b-fbd7af8bdf71 -> done
[2026-08-03T19:03:03+00:00] FINISHED: cri-10 agent 15326cb9-8ee9-43a4-9c19-674c57fd9778 -> done
[2026-08-03T19:03:04+00:00] FINISHED: cri-11 agent 76e79b1e-c30e-4a17-ad12-33df655b8749 -> done
[2026-08-03T19:03:06+00:00] FINISHED: cri-12 agent fdfd18e6-2b74-4f96-8491-9a664235c409 -> done
[2026-08-03T19:03:08+00:00] FINISHED: cri-13 agent f785425b-6386-4f32-bc71-1f7ecb068668 -> done
[2026-08-03T19:03:09+00:00] FINISHED: cri-14 agent 17ce510d-ddb5-489a-a195-4e7fbc59d229 -> done
[2026-08-03T19:03:11+00:00] FINISHED: cri-15 agent ea2d926f-a65b-44d1-a14e-8695d4cecb13 -> done
[2026-08-03T19:03:13+00:00] FINISHED: cri-16 agent 3fae4b0c-47b0-485f-8548-04a31f99a0e5 -> done
[2026-08-03T19:03:15+00:00] running=1 done=16/17 pending=0 remaining=1 — next sweep in 180s
[2026-08-03T19:06:16+00:00] FINISHED: cri-01 agent 662db273-79e1-4f52-a64f-d1301eba5ca7 -> done
[2026-08-03T19:06:18+00:00] FINISHED: cri-02 agent 0bceaead-c342-43f2-9b47-5ea9e8006e08 -> done
[2026-08-03T19:06:20+00:00] FINISHED: cri-03 agent afc313e0-2076-46a8-a533-a751a259f6a8 -> done
[2026-08-03T19:06:22+00:00] FINISHED: cri-04 agent 9b8de6c6-0abe-4536-b112-b36077352d96 -> done
[2026-08-03T19:06:23+00:00] FINISHED: cri-05 agent 681eb203-f66c-4b6d-a0a0-8a8afa353209 -> done
[2026-08-03T19:06:25+00:00] FINISHED: cri-06 agent 928b8519-f085-4844-a505-84272feb4364 -> done
[2026-08-03T19:06:27+00:00] FINISHED: cri-07 agent cbdebaf5-8266-4d81-8cee-a17a3721377e -> done
[2026-08-03T19:06:29+00:00] FINISHED: cri-08 agent 76286490-1500-49e9-b041-e83a30bc98b8 -> done
[2026-08-03T19:06:30+00:00] FINISHED: cri-09 agent 0c175e94-8775-452a-947b-fbd7af8bdf71 -> done
[2026-08-03T19:06:32+00:00] FINISHED: cri-10 agent 15326cb9-8ee9-43a4-9c19-674c57fd9778 -> done
[2026-08-03T19:06:34+00:00] FINISHED: cri-11 agent 76e79b1e-c30e-4a17-ad12-33df655b8749 -> done
[2026-08-03T19:06:36+00:00] FINISHED: cri-12 agent fdfd18e6-2b74-4f96-8491-9a664235c409 -> done
[2026-08-03T19:06:37+00:00] FINISHED: cri-13 agent f785425b-6386-4f32-bc71-1f7ecb068668 -> done
[2026-08-03T19:06:39+00:00] FINISHED: cri-14 agent 17ce510d-ddb5-489a-a195-4e7fbc59d229 -> done
[2026-08-03T19:06:41+00:00] FINISHED: cri-15 agent ea2d926f-a65b-44d1-a14e-8695d4cecb13 -> done
[2026-08-03T19:06:43+00:00] FINISHED: cri-16 agent 3fae4b0c-47b0-485f-8548-04a31f99a0e5 -> done
[2026-08-03T19:06:44+00:00] running=1 done=16/17 pending=0 remaining=1 — next sweep in 180s
[2026-08-03T19:09:46+00:00] FINISHED: cri-01 agent 662db273-79e1-4f52-a64f-d1301eba5ca7 -> done
[2026-08-03T19:09:48+00:00] FINISHED: cri-02 agent 0bceaead-c342-43f2-9b47-5ea9e8006e08 -> done
[2026-08-03T19:09:50+00:00] FINISHED: cri-03 agent afc313e0-2076-46a8-a533-a751a259f6a8 -> done
[2026-08-03T19:09:51+00:00] FINISHED: cri-04 agent 9b8de6c6-0abe-4536-b112-b36077352d96 -> done
[2026-08-03T19:09:53+00:00] FINISHED: cri-05 agent 681eb203-f66c-4b6d-a0a0-8a8afa353209 -> done
[2026-08-03T19:09:55+00:00] FINISHED: cri-06 agent 928b8519-f085-4844-a505-84272feb4364 -> done
[2026-08-03T19:09:57+00:00] FINISHED: cri-07 agent cbdebaf5-8266-4d81-8cee-a17a3721377e -> done
[2026-08-03T19:09:59+00:00] FINISHED: cri-08 agent 76286490-1500-49e9-b041-e83a30bc98b8 -> done
[2026-08-03T19:10:01+00:00] FINISHED: cri-09 agent 0c175e94-8775-452a-947b-fbd7af8bdf71 -> done
[2026-08-03T19:10:02+00:00] FINISHED: cri-10 agent 15326cb9-8ee9-43a4-9c19-674c57fd9778 -> done
[2026-08-03T19:10:04+00:00] FINISHED: cri-11 agent 76e79b1e-c30e-4a17-ad12-33df655b8749 -> done
[2026-08-03T19:10:06+00:00] FINISHED: cri-12 agent fdfd18e6-2b74-4f96-8491-9a664235c409 -> done
[2026-08-03T19:10:08+00:00] FINISHED: cri-13 agent f785425b-6386-4f32-bc71-1f7ecb068668 -> done
[2026-08-03T19:10:10+00:00] FINISHED: cri-14 agent 17ce510d-ddb5-489a-a195-4e7fbc59d229 -> done
[2026-08-03T19:10:11+00:00] FINISHED: cri-15 agent ea2d926f-a65b-44d1-a14e-8695d4cecb13 -> done
[2026-08-03T19:10:13+00:00] FINISHED: cri-16 agent 3fae4b0c-47b0-485f-8548-04a31f99a0e5 -> done
[2026-08-03T19:10:15+00:00] running=1 done=16/17 pending=0 remaining=1 — next sweep in 180s
[2026-08-03T19:13:17+00:00] FINISHED: cri-01 agent 662db273-79e1-4f52-a64f-d1301eba5ca7 -> done
[2026-08-03T19:13:19+00:00] FINISHED: cri-02 agent 0bceaead-c342-43f2-9b47-5ea9e8006e08 -> done
[2026-08-03T19:13:20+00:00] FINISHED: cri-03 agent afc313e0-2076-46a8-a533-a751a259f6a8 -> done
[2026-08-03T19:13:22+00:00] FINISHED: cri-04 agent 9b8de6c6-0abe-4536-b112-b36077352d96 -> done
[2026-08-03T19:13:24+00:00] FINISHED: cri-05 agent 681eb203-f66c-4b6d-a0a0-8a8afa353209 -> done
[2026-08-03T19:13:26+00:00] FINISHED: cri-06 agent 928b8519-f085-4844-a505-84272feb4364 -> done
[2026-08-03T19:13:28+00:00] FINISHED: cri-07 agent cbdebaf5-8266-4d81-8cee-a17a3721377e -> done
[2026-08-03T19:13:30+00:00] FINISHED: cri-08 agent 76286490-1500-49e9-b041-e83a30bc98b8 -> done
[2026-08-03T19:13:31+00:00] FINISHED: cri-09 agent 0c175e94-8775-452a-947b-fbd7af8bdf71 -> done
[2026-08-03T19:13:33+00:00] FINISHED: cri-10 agent 15326cb9-8ee9-43a4-9c19-674c57fd9778 -> done
[2026-08-03T19:13:35+00:00] FINISHED: cri-11 agent 76e79b1e-c30e-4a17-ad12-33df655b8749 -> done
[2026-08-03T19:13:37+00:00] FINISHED: cri-12 agent fdfd18e6-2b74-4f96-8491-9a664235c409 -> done
[2026-08-03T19:13:38+00:00] FINISHED: cri-13 agent f785425b-6386-4f32-bc71-1f7ecb068668 -> done
[2026-08-03T19:13:40+00:00] FINISHED: cri-14 agent 17ce510d-ddb5-489a-a195-4e7fbc59d229 -> done
[2026-08-03T19:13:42+00:00] FINISHED: cri-15 agent ea2d926f-a65b-44d1-a14e-8695d4cecb13 -> done
[2026-08-03T19:13:44+00:00] FINISHED: cri-16 agent 3fae4b0c-47b0-485f-8548-04a31f99a0e5 -> done
[2026-08-03T19:13:45+00:00] running=1 done=16/17 pending=0 remaining=1 — next sweep in 180s
[2026-08-03T19:16:47+00:00] FINISHED: cri-01 agent 662db273-79e1-4f52-a64f-d1301eba5ca7 -> done
[2026-08-03T19:16:49+00:00] FINISHED: cri-02 agent 0bceaead-c342-43f2-9b47-5ea9e8006e08 -> done
[2026-08-03T19:16:51+00:00] FINISHED: cri-03 agent afc313e0-2076-46a8-a533-a751a259f6a8 -> done
[2026-08-03T19:16:52+00:00] FINISHED: cri-04 agent 9b8de6c6-0abe-4536-b112-b36077352d96 -> done
[2026-08-03T19:16:54+00:00] FINISHED: cri-05 agent 681eb203-f66c-4b6d-a0a0-8a8afa353209 -> done
[2026-08-03T19:16:56+00:00] FINISHED: cri-06 agent 928b8519-f085-4844-a505-84272feb4364 -> done
[2026-08-03T19:16:58+00:00] FINISHED: cri-07 agent cbdebaf5-8266-4d81-8cee-a17a3721377e -> done
[2026-08-03T19:17:00+00:00] FINISHED: cri-08 agent 76286490-1500-49e9-b041-e83a30bc98b8 -> done
[2026-08-03T19:17:01+00:00] FINISHED: cri-09 agent 0c175e94-8775-452a-947b-fbd7af8bdf71 -> done
[2026-08-03T19:17:03+00:00] FINISHED: cri-10 agent 15326cb9-8ee9-43a4-9c19-674c57fd9778 -> done
[2026-08-03T19:17:05+00:00] FINISHED: cri-11 agent 76e79b1e-c30e-4a17-ad12-33df655b8749 -> done
[2026-08-03T19:17:07+00:00] FINISHED: cri-12 agent fdfd18e6-2b74-4f96-8491-9a664235c409 -> done
[2026-08-03T19:17:08+00:00] FINISHED: cri-13 agent f785425b-6386-4f32-bc71-1f7ecb068668 -> done
[2026-08-03T19:17:10+00:00] FINISHED: cri-14 agent 17ce510d-ddb5-489a-a195-4e7fbc59d229 -> done
[2026-08-03T19:17:12+00:00] FINISHED: cri-15 agent ea2d926f-a65b-44d1-a14e-8695d4cecb13 -> done
[2026-08-03T19:17:14+00:00] FINISHED: cri-16 agent 3fae4b0c-47b0-485f-8548-04a31f99a0e5 -> done
[2026-08-03T19:17:15+00:00] running=1 done=16/17 pending=0 remaining=1 — next sweep in 180s
[2026-08-03T19:20:17+00:00] FINISHED: cri-01 agent 662db273-79e1-4f52-a64f-d1301eba5ca7 -> done
[2026-08-03T19:20:19+00:00] FINISHED: cri-02 agent 0bceaead-c342-43f2-9b47-5ea9e8006e08 -> done
[2026-08-03T19:20:21+00:00] FINISHED: cri-03 agent afc313e0-2076-46a8-a533-a751a259f6a8 -> done
[2026-08-03T19:20:23+00:00] FINISHED: cri-04 agent 9b8de6c6-0abe-4536-b112-b36077352d96 -> done
[2026-08-03T19:20:25+00:00] FINISHED: cri-05 agent 681eb203-f66c-4b6d-a0a0-8a8afa353209 -> done
[2026-08-03T19:20:27+00:00] FINISHED: cri-06 agent 928b8519-f085-4844-a505-84272feb4364 -> done
[2026-08-03T19:20:29+00:00] FINISHED: cri-07 agent cbdebaf5-8266-4d81-8cee-a17a3721377e -> done
[2026-08-03T19:20:31+00:00] FINISHED: cri-08 agent 76286490-1500-49e9-b041-e83a30bc98b8 -> done
[2026-08-03T19:20:32+00:00] FINISHED: cri-09 agent 0c175e94-8775-452a-947b-fbd7af8bdf71 -> done
[2026-08-03T19:20:34+00:00] FINISHED: cri-10 agent 15326cb9-8ee9-43a4-9c19-674c57fd9778 -> done
[2026-08-03T19:20:36+00:00] FINISHED: cri-11 agent 76e79b1e-c30e-4a17-ad12-33df655b8749 -> done
[2026-08-03T19:20:38+00:00] FINISHED: cri-12 agent fdfd18e6-2b74-4f96-8491-9a664235c409 -> done
[2026-08-03T19:20:39+00:00] FINISHED: cri-13 agent f785425b-6386-4f32-bc71-1f7ecb068668 -> done
[2026-08-03T19:20:41+00:00] FINISHED: cri-14 agent 17ce510d-ddb5-489a-a195-4e7fbc59d229 -> done
[2026-08-03T19:20:43+00:00] FINISHED: cri-15 agent ea2d926f-a65b-44d1-a14e-8695d4cecb13 -> done
[2026-08-03T19:20:45+00:00] FINISHED: cri-16 agent 3fae4b0c-47b0-485f-8548-04a31f99a0e5 -> done
[2026-08-03T19:20:46+00:00] running=1 done=16/17 pending=0 remaining=1 — next sweep in 180s
[2026-08-03T19:23:48+00:00] FINISHED: cri-01 agent 662db273-79e1-4f52-a64f-d1301eba5ca7 -> done
[2026-08-03T19:23:50+00:00] FINISHED: cri-02 agent 0bceaead-c342-43f2-9b47-5ea9e8006e08 -> done
[2026-08-03T19:23:52+00:00] FINISHED: cri-03 agent afc313e0-2076-46a8-a533-a751a259f6a8 -> done
[2026-08-03T19:23:54+00:00] FINISHED: cri-04 agent 9b8de6c6-0abe-4536-b112-b36077352d96 -> done
[2026-08-03T19:23:57+00:00] FINISHED: cri-05 agent 681eb203-f66c-4b6d-a0a0-8a8afa353209 -> done
[2026-08-03T19:23:59+00:00] FINISHED: cri-06 agent 928b8519-f085-4844-a505-84272feb4364 -> done
[2026-08-03T19:24:01+00:00] FINISHED: cri-07 agent cbdebaf5-8266-4d81-8cee-a17a3721377e -> done
[2026-08-03T19:24:03+00:00] FINISHED: cri-08 agent 76286490-1500-49e9-b041-e83a30bc98b8 -> done
[2026-08-03T19:24:05+00:00] FINISHED: cri-09 agent 0c175e94-8775-452a-947b-fbd7af8bdf71 -> done
[2026-08-03T19:24:07+00:00] FINISHED: cri-10 agent 15326cb9-8ee9-43a4-9c19-674c57fd9778 -> done
[2026-08-03T19:24:09+00:00] FINISHED: cri-11 agent 76e79b1e-c30e-4a17-ad12-33df655b8749 -> done
[2026-08-03T19:24:11+00:00] FINISHED: cri-12 agent fdfd18e6-2b74-4f96-8491-9a664235c409 -> done
[2026-08-03T19:24:13+00:00] FINISHED: cri-13 agent f785425b-6386-4f32-bc71-1f7ecb068668 -> done
[2026-08-03T19:24:15+00:00] FINISHED: cri-14 agent 17ce510d-ddb5-489a-a195-4e7fbc59d229 -> done
[2026-08-03T19:24:17+00:00] FINISHED: cri-15 agent ea2d926f-a65b-44d1-a14e-8695d4cecb13 -> done
[2026-08-03T19:24:19+00:00] FINISHED: cri-16 agent 3fae4b0c-47b0-485f-8548-04a31f99a0e5 -> done
[2026-08-03T19:24:21+00:00] running=1 done=16/17 pending=0 remaining=1 — next sweep in 180s
[2026-08-03T19:27:23+00:00] FINISHED: cri-01 agent 662db273-79e1-4f52-a64f-d1301eba5ca7 -> done
[2026-08-03T19:27:25+00:00] FINISHED: cri-02 agent 0bceaead-c342-43f2-9b47-5ea9e8006e08 -> done
[2026-08-03T19:27:26+00:00] FINISHED: cri-03 agent afc313e0-2076-46a8-a533-a751a259f6a8 -> done
[2026-08-03T19:27:28+00:00] FINISHED: cri-04 agent 9b8de6c6-0abe-4536-b112-b36077352d96 -> done
[2026-08-03T19:27:30+00:00] FINISHED: cri-05 agent 681eb203-f66c-4b6d-a0a0-8a8afa353209 -> done
[2026-08-03T19:27:32+00:00] FINISHED: cri-06 agent 928b8519-f085-4844-a505-84272feb4364 -> done
[2026-08-03T19:27:34+00:00] FINISHED: cri-07 agent cbdebaf5-8266-4d81-8cee-a17a3721377e -> done
[2026-08-03T19:27:36+00:00] FINISHED: cri-08 agent 76286490-1500-49e9-b041-e83a30bc98b8 -> done
[2026-08-03T19:27:38+00:00] FINISHED: cri-09 agent 0c175e94-8775-452a-947b-fbd7af8bdf71 -> done
[2026-08-03T19:27:40+00:00] FINISHED: cri-10 agent 15326cb9-8ee9-43a4-9c19-674c57fd9778 -> done
[2026-08-03T19:27:41+00:00] FINISHED: cri-11 agent 76e79b1e-c30e-4a17-ad12-33df655b8749 -> done
[2026-08-03T19:27:43+00:00] FINISHED: cri-12 agent fdfd18e6-2b74-4f96-8491-9a664235c409 -> done
[2026-08-03T19:27:45+00:00] FINISHED: cri-13 agent f785425b-6386-4f32-bc71-1f7ecb068668 -> done
[2026-08-03T19:27:47+00:00] FINISHED: cri-14 agent 17ce510d-ddb5-489a-a195-4e7fbc59d229 -> done
[2026-08-03T19:27:49+00:00] FINISHED: cri-15 agent ea2d926f-a65b-44d1-a14e-8695d4cecb13 -> done
[2026-08-03T19:27:51+00:00] FINISHED: cri-16 agent 3fae4b0c-47b0-485f-8548-04a31f99a0e5 -> done
[2026-08-03T19:27:53+00:00] FINISHED: cri-17 agent 6e548950-a425-42ab-b185-63a866014184 -> done
[2026-08-03T19:27:54+00:00] running=0 done=17/17 pending=0 remaining=0 — next sweep in 180s
[2026-08-03T19:27:54+00:00] ALL BATCHES COMPLETE
